HTTPSConnectionPool(host='api.proxyscrape.com', port=443): Read timed out. (read timeout=15)
HTTPSConnectionPool(host='api.proxyscrape.com', port=443): Read timed out. (read timeout=15)
HTTPSConnectionPool(host='api.proxyscrape.com', port=443): Read timed out. (read timeout=15)
HTTPSConnectionPool(host='www.proxyscan.io', port=443): Read timed out. (read timeout=15)
